0 verbose cli /nix/store/vcxpsk2igyybp9f9ngpxckv32yxsbisy-nodejs-slim-22.23.1/bin/node /nix/store/l7b3cb5p19qnlykasxwqdggck3ijilqq-nodejs-22.23.1/bin/npm
1 info using npm@10.9.8
2 info using node@v22.23.1
3 silly config load:file:/nix/store/fhclf4i9c5r13by3jxmdw2494200mvhm-nodejs-slim-22.23.1-npm/lib/node_modules/npm/npmrc
4 silly config load:file:/home/gui/Coding/JacacultMap/jacacultmap-backend/.npmrc
5 silly config load:file:/home/gui/.npmrc
6 silly config load:file:/nix/store/vcxpsk2igyybp9f9ngpxckv32yxsbisy-nodejs-slim-22.23.1/etc/npmrc
7 verbose title npm ci
8 verbose argv "ci"
9 verbose logfile logs-max:10 dir:/home/gui/Coding/JacacultMap/jacacultmap-backend/.npm-cache/_logs/2026-08-04T21_45_10_550Z-
10 verbose logfile /home/gui/Coding/JacacultMap/jacacultmap-backend/.npm-cache/_logs/2026-08-04T21_45_10_550Z-debug-0.log
11 silly logfile done cleaning log files
12 silly packumentCache heap:2197815296 maxSize:549453824 maxEntrySize:274726912
13 silly idealTree buildDeps
14 silly reify moves {}
15 silly audit bulk request {
15 silly audit   '@mapbox/node-pre-gyp': [ '1.0.11' ],
15 silly audit   '@mongodb-js/saslprep': [ '1.2.2' ],
15 silly audit   '@types/body-parser': [ '1.19.5' ],
15 silly audit   '@types/bson': [ '4.0.5' ],
15 silly audit   '@types/connect': [ '3.4.38' ],
15 silly audit   '@types/express': [ '4.17.22' ],
15 silly audit   '@types/express-serve-static-core': [ '4.19.6' ],
15 silly audit   '@types/http-errors': [ '2.0.4' ],
15 silly audit   '@types/mime': [ '1.3.5' ],
15 silly audit   '@types/mongodb': [ '3.6.20' ],
15 silly audit   '@types/multer': [ '1.4.12' ],
15 silly audit   '@types/node': [ '22.15.21' ],
15 silly audit   '@types/pump': [ '1.1.3' ],
15 silly audit   '@types/qs': [ '6.14.0' ],
15 silly audit   '@types/range-parser': [ '1.2.7' ],
15 silly audit   '@types/send': [ '0.17.4' ],
15 silly audit   '@types/serve-static': [ '1.15.7' ],
15 silly audit   '@types/webidl-conversions': [ '7.0.3' ],
15 silly audit   '@types/whatwg-url': [ '11.0.5' ],
15 silly audit   abbrev: [ '1.1.1' ],
15 silly audit   accepts: [ '2.0.0' ],
15 silly audit   'agent-base': [ '6.0.2', '7.1.4' ],
15 silly audit   'ansi-regex': [ '5.0.1' ],
15 silly audit   anymatch: [ '3.1.3' ],
15 silly audit   'append-field': [ '1.0.0' ],
15 silly audit   aproba: [ '2.0.0' ],
15 silly audit   'are-we-there-yet': [ '2.0.0' ],
15 silly audit   'balanced-match': [ '1.0.2' ],
15 silly audit   'base64-js': [ '1.5.1' ],
15 silly audit   bcrypt: [ '5.1.1' ],
15 silly audit   'bignumber.js': [ '9.3.0' ],
15 silly audit   'binary-extensions': [ '2.3.0' ],
15 silly audit   'body-parser': [ '2.2.0' ],
15 silly audit   'brace-expansion': [ '1.1.11' ],
15 silly audit   braces: [ '3.0.3' ],
15 silly audit   bson: [ '6.10.3' ],
15 silly audit   'buffer-equal-constant-time': [ '1.0.1' ],
15 silly audit   'buffer-from': [ '1.1.2' ],
15 silly audit   busboy: [ '0.2.14' ],
15 silly audit   'readable-stream': [ '1.1.14', '2.3.8', '3.6.2' ],
15 silly audit   string_decoder: [ '0.10.31', '1.1.1', '1.3.0' ],
15 silly audit   bytes: [ '3.1.2' ],
15 silly audit   'call-bind-apply-helpers': [ '1.0.2' ],
15 silly audit   'call-bound': [ '1.0.4' ],
15 silly audit   chokidar: [ '3.6.0' ],
15 silly audit   chownr: [ '2.0.0' ],
15 silly audit   'color-support': [ '1.1.3' ],
15 silly audit   'concat-map': [ '0.0.1' ],
15 silly audit   'concat-stream': [ '1.6.2' ],
15 silly audit   isarray: [ '1.0.0', '0.0.1' ],
15 silly audit   'safe-buffer': [ '5.1.2', '5.2.1' ],
15 silly audit   'console-control-strings': [ '1.1.0' ],
15 silly audit   'content-disposition': [ '1.0.0' ],
15 silly audit   'content-type': [ '1.0.5' ],
15 silly audit   cookie: [ '0.7.2' ],
15 silly audit   'cookie-signature': [ '1.2.2', '1.0.7' ],
15 silly audit   'core-util-is': [ '1.0.3' ],
15 silly audit   cors: [ '2.8.5' ],
15 silly audit   crypto: [ '1.0.1' ],
15 silly audit   'data-uri-to-buffer': [ '4.0.1' ],
15 silly audit   debug: [ '4.4.0', '2.6.9' ],
15 silly audit   delegates: [ '1.0.0' ],
15 silly audit   depd: [ '2.0.0' ],
15 silly audit   'detect-libc': [ '2.0.3' ],
15 silly audit   dicer: [ '0.2.5' ],
15 silly audit   dotenv: [ '16.5.0' ],
15 silly audit   'dunder-proto': [ '1.0.1' ],
15 silly audit   'ecdsa-sig-formatter': [ '1.0.11' ],
15 silly audit   'ee-first': [ '1.1.1' ],
15 silly audit   'emoji-regex': [ '8.0.0' ],
15 silly audit   encodeurl: [ '2.0.0' ],
15 silly audit   'end-of-stream': [ '1.4.4' ],
15 silly audit   'es-define-property': [ '1.0.1' ],
15 silly audit   'es-errors': [ '1.3.0' ],
15 silly audit   'es-object-atoms': [ '1.1.1' ],
15 silly audit   'escape-html': [ '1.0.3' ],
15 silly audit   etag: [ '1.8.1' ],
15 silly audit   express: [ '5.1.0' ],
15 silly audit   'express-session': [ '1.18.1' ],
15 silly audit   ms: [ '2.0.0', '2.1.3' ],
15 silly audit   extend: [ '3.0.2' ],
15 silly audit   'fetch-blob': [ '3.2.0' ],
15 silly audit   'fill-range': [ '7.1.1' ],
15 silly audit   finalhandler: [ '2.1.0' ],
15 silly audit   flushwritable: [ '1.0.0' ],
15 silly audit   'formdata-polyfill': [ '4.0.10' ],
15 silly audit   forwarded: [ '0.2.0' ],
15 silly audit   fresh: [ '2.0.0' ],
15 silly audit   'fs-minipass': [ '2.1.0' ],
15 silly audit   minipass: [ '3.3.6', '5.0.0' ],
15 silly audit   'fs.realpath': [ '1.0.0' ],
15 silly audit   fsevents: [ '2.3.3' ],
15 silly audit   'function-bind': [ '1.1.2' ],
15 silly audit   gauge: [ '3.0.2' ],
15 silly audit   gaxios: [ '7.1.1', '5.1.3' ],
15 silly audit   'https-proxy-agent': [ '7.0.6', '5.0.1' ],
15 silly audit   'node-fetch': [ '3.3.2', '2.7.0' ],
15 silly audit   'gcp-metadata': [ '5.3.0', '7.0.1' ],
15 silly audit   'get-intrinsic': [ '1.3.0' ],
15 silly audit   'get-proto': [ '1.0.1' ],
15 silly audit   glob: [ '7.2.3' ],
15 silly audit   'glob-parent': [ '5.1.2' ],
15 silly audit   'google-auth-library': [ '10.1.0' ],
15 silly audit   jwa: [ '2.0.1', '1.4.1' ],
15 silly audit   jws: [ '4.0.0', '3.2.2' ],
15 silly audit   'google-logging-utils': [ '1.1.1' ],
15 silly audit   gopd: [ '1.2.0' ],
15 silly audit   'gridfs-stream': [ '1.1.1' ],
15 silly audit   gtoken: [ '8.0.0' ],
15 silly audit   'has-flag': [ '3.0.0' ],
15 silly audit   'has-own-prop': [ '2.0.0' ],
15 silly audit   'has-symbols': [ '1.1.0' ],
15 silly audit   'has-unicode': [ '2.0.1' ],
15 silly audit   hasown: [ '2.0.2' ],
15 silly audit   'http-errors': [ '2.0.0' ],
15 silly audit   'iconv-lite': [ '0.6.3' ],
15 silly audit   'ignore-by-default': [ '1.0.1' ],
15 silly audit   inflight: [ '1.0.6' ],
15 silly audit   inherits: [ '2.0.4' ],
15 silly audit   'ipaddr.js': [ '1.9.1' ],
15 silly audit   'is-binary-path': [ '2.1.0' ],
15 silly audit   'is-extglob': [ '2.1.1' ],
15 silly audit   'is-fullwidth-code-point': [ '3.0.0' ],
15 silly audit   'is-generator': [ '1.0.3' ],
15 silly audit   'is-glob': [ '4.0.3' ],
15 silly audit   'is-number': [ '7.0.0' ],
15 silly audit   'is-promise': [ '4.0.0' ],
15 silly audit   'is-stream': [ '2.0.1' ],
15 silly audit   'json-bigint': [ '1.0.0' ],
15 silly audit   jsonwebtoken: [ '9.0.2' ],
15 silly audit   kareem: [ '2.6.3' ],
15 silly audit   'lodash.includes': [ '4.3.0' ],
15 silly audit   'lodash.isboolean': [ '3.0.3' ],
15 silly audit   'lodash.isinteger': [ '4.0.4' ],
15 silly audit   'lodash.isnumber': [ '3.0.3' ],
15 silly audit   'lodash.isplainobject': [ '4.0.6' ],
15 silly audit   'lodash.isstring': [ '4.0.1' ],
15 silly audit   'lodash.once': [ '4.1.1' ],
15 silly audit   'make-dir': [ '3.1.0' ],
15 silly audit   semver: [ '6.3.1', '7.7.1' ],
15 silly audit   'math-intrinsics': [ '1.1.0' ],
15 silly audit   'media-typer': [ '1.1.0', '0.3.0' ],
15 silly audit   'memory-pager': [ '1.5.0' ],
15 silly audit   'merge-descriptors': [ '2.0.0' ],
15 silly audit   'mime-db': [ '1.54.0', '1.52.0' ],
15 silly audit   'mime-types': [ '3.0.1', '2.1.35' ],
15 silly audit   minimatch: [ '3.1.2' ],
15 silly audit   minimist: [ '1.2.8' ],
15 silly audit   minizlib: [ '2.1.2' ],
15 silly audit   mkdirp: [ '1.0.4', '0.5.6' ],
15 silly audit   mongodb: [ '6.15.0' ],
15 silly audit   'mongodb-connection-string-url': [ '3.0.2' ],
15 silly audit   'mongodb-uri': [ '0.9.7' ],
15 silly audit   mongoose: [ '8.13.2' ],
15 silly audit   mpath: [ '0.9.0' ],
15 silly audit   mquery: [ '5.0.0' ],
15 silly audit   multer: [ '1.4.4' ],
15 silly audit   'multer-gridfs-storage': [ '5.0.2' ],
15 silly audit   'type-is': [ '1.6.18', '2.0.1' ],
15 silly audit   negotiator: [ '1.0.0' ],
15 silly audit   'node-addon-api': [ '5.1.0' ],
15 silly audit   'node-domexception': [ '1.0.0' ],
15 silly audit   tr46: [ '0.0.3', '5.1.1' ],
15 silly audit   'webidl-conversions': [ '3.0.1', '7.0.0' ],
15 silly audit   'whatwg-url': [ '5.0.0', '14.2.0' ],
15 silly audit   nodemon: [ '3.1.10' ],
15 silly audit   nopt: [ '5.0.0' ],
15 silly audit   'normalize-path': [ '3.0.0' ],
15 silly audit   npmlog: [ '5.0.1' ],
15 silly audit   'object-assign': [ '4.1.1' ],
15 silly audit   'object-inspect': [ '1.13.4' ],
15 silly audit   'on-finished': [ '2.4.1' ],
15 silly audit   'on-headers': [ '1.0.2' ],
15 silly audit   once: [ '1.4.0' ],
15 silly audit   parseurl: [ '1.3.3' ],
15 silly audit   'path-is-absolute': [ '1.0.1' ],
15 silly audit   'path-to-regexp': [ '8.2.0' ],
15 silly audit   picomatch: [ '2.3.1' ],
15 silly audit   'process-nextick-args': [ '2.0.1' ],
15 silly audit   'proxy-addr': [ '2.0.7' ],
15 silly audit   'pstree.remy': [ '1.1.8' ],
15 silly audit   pump: [ '3.0.2' ],
15 silly audit   punycode: [ '2.3.1' ],
15 silly audit   qs: [ '6.14.0' ],
15 silly audit   'random-bytes': [ '1.0.0' ],
15 silly audit   'range-parser': [ '1.2.1' ],
15 silly audit   'raw-body': [ '3.0.0' ],
15 silly audit   readdirp: [ '3.6.0' ],
15 silly audit   rimraf: [ '3.0.2' ],
15 silly audit   router: [ '2.2.0' ],
15 silly audit   'safer-buffer': [ '2.1.2' ],
15 silly audit   send: [ '1.2.0' ],
15 silly audit   'serve-static': [ '2.2.0' ],
15 silly audit   'set-blocking': [ '2.0.0' ],
15 silly audit   setprototypeof: [ '1.2.0' ],
15 silly audit   'side-channel': [ '1.1.0' ],
15 silly audit   'side-channel-list': [ '1.0.0' ],
15 silly audit   'side-channel-map': [ '1.0.1' ],
15 silly audit   'side-channel-weakmap': [ '1.0.2' ],
15 silly audit   sift: [ '17.1.3' ],
15 silly audit   'signal-exit': [ '3.0.7' ],
15 silly audit   'simple-update-notifier': [ '2.0.0' ],
15 silly audit   'sparse-bitfield': [ '3.0.3' ],
15 silly audit   statuses: [ '2.0.1' ],
15 silly audit   streamsearch: [ '0.1.2' ],
15 silly audit   'string-width': [ '4.2.3' ],
15 silly audit   'strip-ansi': [ '6.0.1' ],
15 silly audit   'supports-color': [ '5.5.0' ],
15 silly audit   tar: [ '6.2.1' ],
15 silly audit   'to-regex-range': [ '5.0.1' ],
15 silly audit   toidentifier: [ '1.0.1' ],
15 silly audit   touch: [ '3.1.1' ],
15 silly audit   typedarray: [ '0.0.6' ],
15 silly audit   'uid-safe': [ '2.1.5' ],
15 silly audit   undefsafe: [ '2.0.5' ],
15 silly audit   'undici-types': [ '6.21.0' ],
15 silly audit   unpipe: [ '1.0.0' ],
15 silly audit   'util-deprecate': [ '1.0.2' ],
15 silly audit   vary: [ '1.1.2' ],
15 silly audit   'web-streams-polyfill': [ '3.3.3' ],
15 silly audit   'wide-align': [ '1.1.5' ],
15 silly audit   wrappy: [ '1.0.2' ],
15 silly audit   xtend: [ '4.0.2' ],
15 silly audit   yallist: [ '4.0.0' ]
15 silly audit }
16 verbose reify failed optional dependency /home/gui/Coding/JacacultMap/jacacultmap-backend/node_modules/fsevents
17 silly reify mark deleted [
17 silly reify   '/home/gui/Coding/JacacultMap/jacacultmap-backend/node_modules/fsevents'
17 silly reify ]
18 http cache yallist@https://registry.npmjs.org/yallist/-/yallist-4.0.0.tgz 1ms (cache hit)
19 http cache xtend@https://registry.npmjs.org/xtend/-/xtend-4.0.2.tgz 0ms (cache hit)
20 http cache wrappy@https://registry.npmjs.org/wrappy/-/wrappy-1.0.2.tgz 0ms (cache hit)
21 http cache wide-align@https://registry.npmjs.org/wide-align/-/wide-align-1.1.5.tgz 0ms (cache hit)
22 http cache whatwg-url@https://registry.npmjs.org/whatwg-url/-/whatwg-url-14.2.0.tgz 0ms (cache hit)
23 http cache webidl-conversions@https://registry.npmjs.org/webidl-conversions/-/webidl-conversions-7.0.0.tgz 0ms (cache hit)
24 http cache web-streams-polyfill@https://registry.npmjs.org/web-streams-polyfill/-/web-streams-polyfill-3.3.3.tgz 0ms (cache hit)
25 http cache vary@https://registry.npmjs.org/vary/-/vary-1.1.2.tgz 0ms (cache hit)
26 http cache util-deprecate@https://registry.npmjs.org/util-deprecate/-/util-deprecate-1.0.2.tgz 0ms (cache hit)
27 http cache undici-types@https://registry.npmjs.org/undici-types/-/undici-types-6.21.0.tgz 0ms (cache hit)
28 http cache unpipe@https://registry.npmjs.org/unpipe/-/unpipe-1.0.0.tgz 0ms (cache hit)
29 http cache undefsafe@https://registry.npmjs.org/undefsafe/-/undefsafe-2.0.5.tgz 0ms (cache hit)
30 http cache uid-safe@https://registry.npmjs.org/uid-safe/-/uid-safe-2.1.5.tgz 0ms (cache hit)
31 http cache typedarray@https://registry.npmjs.org/typedarray/-/typedarray-0.0.6.tgz 0ms (cache hit)
32 http cache type-is@https://registry.npmjs.org/type-is/-/type-is-2.0.1.tgz 0ms (cache hit)
33 http cache tr46@https://registry.npmjs.org/tr46/-/tr46-5.1.1.tgz 0ms (cache hit)
34 http cache touch@https://registry.npmjs.org/touch/-/touch-3.1.1.tgz 0ms (cache hit)
35 http cache to-regex-range@https://registry.npmjs.org/to-regex-range/-/to-regex-range-5.0.1.tgz 0ms (cache hit)
36 http cache tar@https://registry.npmjs.org/tar/-/tar-6.2.1.tgz 0ms (cache hit)
37 http cache toidentifier@https://registry.npmjs.org/toidentifier/-/toidentifier-1.0.1.tgz 0ms (cache hit)
38 http cache supports-color@https://registry.npmjs.org/supports-color/-/supports-color-5.5.0.tgz 0ms (cache hit)
39 http cache strip-ansi@https://registry.npmjs.org/strip-ansi/-/strip-ansi-6.0.1.tgz 0ms (cache hit)
40 http cache string-width@https://registry.npmjs.org/string-width/-/string-width-4.2.3.tgz 0ms (cache hit)
41 http cache string_decoder@https://registry.npmjs.org/string_decoder/-/string_decoder-1.3.0.tgz 0ms (cache hit)
42 http cache streamsearch@https://registry.npmjs.org/streamsearch/-/streamsearch-0.1.2.tgz 0ms (cache hit)
43 http cache statuses@https://registry.npmjs.org/statuses/-/statuses-2.0.1.tgz 0ms (cache hit)
44 http cache sparse-bitfield@https://registry.npmjs.org/sparse-bitfield/-/sparse-bitfield-3.0.3.tgz 0ms (cache hit)
45 http cache simple-update-notifier@https://registry.npmjs.org/simple-update-notifier/-/simple-update-notifier-2.0.0.tgz 0ms (cache hit)
46 http cache sift@https://registry.npmjs.org/sift/-/sift-17.1.3.tgz 0ms (cache hit)
47 http cache signal-exit@https://registry.npmjs.org/signal-exit/-/signal-exit-3.0.7.tgz 0ms (cache hit)
48 http cache side-channel-weakmap@https://registry.npmjs.org/side-channel-weakmap/-/side-channel-weakmap-1.0.2.tgz 0ms (cache hit)
49 http cache side-channel-map@https://registry.npmjs.org/side-channel-map/-/side-channel-map-1.0.1.tgz 0ms (cache hit)
50 http cache side-channel@https://registry.npmjs.org/side-channel/-/side-channel-1.1.0.tgz 0ms (cache hit)
51 http cache side-channel-list@https://registry.npmjs.org/side-channel-list/-/side-channel-list-1.0.0.tgz 0ms (cache hit)
52 http cache setprototypeof@https://registry.npmjs.org/setprototypeof/-/setprototypeof-1.2.0.tgz 0ms (cache hit)
53 http cache set-blocking@https://registry.npmjs.org/set-blocking/-/set-blocking-2.0.0.tgz 0ms (cache hit)
54 http cache serve-static@https://registry.npmjs.org/serve-static/-/serve-static-2.2.0.tgz 0ms (cache hit)
55 http cache send@https://registry.npmjs.org/send/-/send-1.2.0.tgz 0ms (cache hit)
56 http cache semver@https://registry.npmjs.org/semver/-/semver-7.7.1.tgz 0ms (cache hit)
57 http cache safer-buffer@https://registry.npmjs.org/safer-buffer/-/safer-buffer-2.1.2.tgz 0ms (cache hit)
58 http cache safe-buffer@https://registry.npmjs.org/safe-buffer/-/safe-buffer-5.2.1.tgz 0ms (cache hit)
59 http cache router@https://registry.npmjs.org/router/-/router-2.2.0.tgz 0ms (cache hit)
60 http cache readdirp@https://registry.npmjs.org/readdirp/-/readdirp-3.6.0.tgz 0ms (cache hit)
61 http cache rimraf@https://registry.npmjs.org/rimraf/-/rimraf-3.0.2.tgz 0ms (cache hit)
62 http cache readable-stream@https://registry.npmjs.org/readable-stream/-/readable-stream-3.6.2.tgz 0ms (cache hit)
63 http cache raw-body@https://registry.npmjs.org/raw-body/-/raw-body-3.0.0.tgz 0ms (cache hit)
64 http cache range-parser@https://registry.npmjs.org/range-parser/-/range-parser-1.2.1.tgz 0ms (cache hit)
65 http cache random-bytes@https://registry.npmjs.org/random-bytes/-/random-bytes-1.0.0.tgz 0ms (cache hit)
66 http cache qs@https://registry.npmjs.org/qs/-/qs-6.14.0.tgz 0ms (cache hit)
67 http cache punycode@https://registry.npmjs.org/punycode/-/punycode-2.3.1.tgz 0ms (cache hit)
68 http cache pump@https://registry.npmjs.org/pump/-/pump-3.0.2.tgz 0ms (cache hit)
69 http cache pstree.remy@https://registry.npmjs.org/pstree.remy/-/pstree.remy-1.1.8.tgz 0ms (cache hit)
70 http cache proxy-addr@https://registry.npmjs.org/proxy-addr/-/proxy-addr-2.0.7.tgz 0ms (cache hit)
71 http cache process-nextick-args@https://registry.npmjs.org/process-nextick-args/-/process-nextick-args-2.0.1.tgz 0ms (cache hit)
72 http cache picomatch@https://registry.npmjs.org/picomatch/-/picomatch-2.3.1.tgz 0ms (cache hit)
73 http cache path-to-regexp@https://registry.npmjs.org/path-to-regexp/-/path-to-regexp-8.2.0.tgz 0ms (cache hit)
74 http cache path-is-absolute@https://registry.npmjs.org/path-is-absolute/-/path-is-absolute-1.0.1.tgz 0ms (cache hit)
75 http cache parseurl@https://registry.npmjs.org/parseurl/-/parseurl-1.3.3.tgz 0ms (cache hit)
76 http cache on-headers@https://registry.npmjs.org/on-headers/-/on-headers-1.0.2.tgz 0ms (cache hit)
77 http cache once@https://registry.npmjs.org/once/-/once-1.4.0.tgz 0ms (cache hit)
78 http cache on-finished@https://registry.npmjs.org/on-finished/-/on-finished-2.4.1.tgz 0ms (cache hit)
79 http cache object-inspect@https://registry.npmjs.org/object-inspect/-/object-inspect-1.13.4.tgz 0ms (cache hit)
80 http cache npmlog@https://registry.npmjs.org/npmlog/-/npmlog-5.0.1.tgz 0ms (cache hit)
81 http cache object-assign@https://registry.npmjs.org/object-assign/-/object-assign-4.1.1.tgz 0ms (cache hit)
82 http cache normalize-path@https://registry.npmjs.org/normalize-path/-/normalize-path-3.0.0.tgz 0ms (cache hit)
83 http cache nopt@https://registry.npmjs.org/nopt/-/nopt-5.0.0.tgz 0ms (cache hit)
84 http cache nodemon@https://registry.npmjs.org/nodemon/-/nodemon-3.1.10.tgz 0ms (cache hit)
85 http cache node-fetch@https://registry.npmjs.org/node-fetch/-/node-fetch-2.7.0.tgz 0ms (cache hit)
86 http cache node-domexception@https://registry.npmjs.org/node-domexception/-/node-domexception-1.0.0.tgz 0ms (cache hit)
87 http cache negotiator@https://registry.npmjs.org/negotiator/-/negotiator-1.0.0.tgz 0ms (cache hit)
88 http cache node-addon-api@https://registry.npmjs.org/node-addon-api/-/node-addon-api-5.1.0.tgz 0ms (cache hit)
89 http cache multer-gridfs-storage@https://registry.npmjs.org/multer-gridfs-storage/-/multer-gridfs-storage-5.0.2.tgz 0ms (cache hit)
90 http cache multer@https://registry.npmjs.org/multer/-/multer-1.4.4.tgz 0ms (cache hit)
91 http cache ms@https://registry.npmjs.org/ms/-/ms-2.1.3.tgz 0ms (cache hit)
92 http cache mquery@https://registry.npmjs.org/mquery/-/mquery-5.0.0.tgz 0ms (cache hit)
93 http cache mpath@https://registry.npmjs.org/mpath/-/mpath-0.9.0.tgz 0ms (cache hit)
94 http cache mongoose@https://registry.npmjs.org/mongoose/-/mongoose-8.13.2.tgz 0ms (cache hit)
95 http cache mongodb-uri@https://registry.npmjs.org/mongodb-uri/-/mongodb-uri-0.9.7.tgz 0ms (cache hit)
96 http cache mongodb-connection-string-url@https://registry.npmjs.org/mongodb-connection-string-url/-/mongodb-connection-string-url-3.0.2.tgz 0ms (cache hit)
97 http cache mkdirp@https://registry.npmjs.org/mkdirp/-/mkdirp-1.0.4.tgz 0ms (cache hit)
98 http cache mongodb@https://registry.npmjs.org/mongodb/-/mongodb-6.15.0.tgz 0ms (cache hit)
99 http cache minizlib@https://registry.npmjs.org/minizlib/-/minizlib-2.1.2.tgz 0ms (cache hit)
100 http cache minipass@https://registry.npmjs.org/minipass/-/minipass-5.0.0.tgz 0ms (cache hit)
101 http cache minimatch@https://registry.npmjs.org/minimatch/-/minimatch-3.1.2.tgz 0ms (cache hit)
102 http cache minimist@https://registry.npmjs.org/minimist/-/minimist-1.2.8.tgz 0ms (cache hit)
103 http cache mime-types@https://registry.npmjs.org/mime-types/-/mime-types-3.0.1.tgz 0ms (cache hit)
104 http cache mime-db@https://registry.npmjs.org/mime-db/-/mime-db-1.54.0.tgz 0ms (cache hit)
105 http cache merge-descriptors@https://registry.npmjs.org/merge-descriptors/-/merge-descriptors-2.0.0.tgz 0ms (cache hit)
106 http cache memory-pager@https://registry.npmjs.org/memory-pager/-/memory-pager-1.5.0.tgz 0ms (cache hit)
107 http cache media-typer@https://registry.npmjs.org/media-typer/-/media-typer-1.1.0.tgz 0ms (cache hit)
108 http cache math-intrinsics@https://registry.npmjs.org/math-intrinsics/-/math-intrinsics-1.1.0.tgz 0ms (cache hit)
109 http cache make-dir@https://registry.npmjs.org/make-dir/-/make-dir-3.1.0.tgz 0ms (cache hit)
110 http cache lodash.once@https://registry.npmjs.org/lodash.once/-/lodash.once-4.1.1.tgz 0ms (cache hit)
111 http cache lodash.isplainobject@https://registry.npmjs.org/lodash.isplainobject/-/lodash.isplainobject-4.0.6.tgz 0ms (cache hit)
112 http cache lodash.isstring@https://registry.npmjs.org/lodash.isstring/-/lodash.isstring-4.0.1.tgz 0ms (cache hit)
113 http cache lodash.isnumber@https://registry.npmjs.org/lodash.isnumber/-/lodash.isnumber-3.0.3.tgz 0ms (cache hit)
114 http cache lodash.isinteger@https://registry.npmjs.org/lodash.isinteger/-/lodash.isinteger-4.0.4.tgz 0ms (cache hit)
115 http cache lodash.isboolean@https://registry.npmjs.org/lodash.isboolean/-/lodash.isboolean-3.0.3.tgz 0ms (cache hit)
116 http cache lodash.includes@https://registry.npmjs.org/lodash.includes/-/lodash.includes-4.3.0.tgz 0ms (cache hit)
117 http cache kareem@https://registry.npmjs.org/kareem/-/kareem-2.6.3.tgz 0ms (cache hit)
118 http cache jwa@https://registry.npmjs.org/jwa/-/jwa-1.4.1.tgz 0ms (cache hit)
119 http cache jws@https://registry.npmjs.org/jws/-/jws-3.2.2.tgz 0ms (cache hit)
120 http cache jsonwebtoken@https://registry.npmjs.org/jsonwebtoken/-/jsonwebtoken-9.0.2.tgz 0ms (cache hit)
121 http cache json-bigint@https://registry.npmjs.org/json-bigint/-/json-bigint-1.0.0.tgz 0ms (cache hit)
122 http cache is-stream@https://registry.npmjs.org/is-stream/-/is-stream-2.0.1.tgz 0ms (cache hit)
123 http cache is-promise@https://registry.npmjs.org/is-promise/-/is-promise-4.0.0.tgz 0ms (cache hit)
124 http cache is-number@https://registry.npmjs.org/is-number/-/is-number-7.0.0.tgz 0ms (cache hit)
125 http cache is-glob@https://registry.npmjs.org/is-glob/-/is-glob-4.0.3.tgz 0ms (cache hit)
126 http cache is-generator@https://registry.npmjs.org/is-generator/-/is-generator-1.0.3.tgz 0ms (cache hit)
127 http cache is-fullwidth-code-point@https://registry.npmjs.org/is-fullwidth-code-point/-/is-fullwidth-code-point-3.0.0.tgz 0ms (cache hit)
128 http cache isarray@https://registry.npmjs.org/isarray/-/isarray-0.0.1.tgz 0ms (cache hit)
129 http cache is-extglob@https://registry.npmjs.org/is-extglob/-/is-extglob-2.1.1.tgz 0ms (cache hit)
130 http cache is-binary-path@https://registry.npmjs.org/is-binary-path/-/is-binary-path-2.1.0.tgz 0ms (cache hit)
131 http cache ipaddr.js@https://registry.npmjs.org/ipaddr.js/-/ipaddr.js-1.9.1.tgz 0ms (cache hit)
132 http cache inherits@https://registry.npmjs.org/inherits/-/inherits-2.0.4.tgz 0ms (cache hit)
133 http cache inflight@https://registry.npmjs.org/inflight/-/inflight-1.0.6.tgz 0ms (cache hit)
134 http cache ignore-by-default@https://registry.npmjs.org/ignore-by-default/-/ignore-by-default-1.0.1.tgz 0ms (cache hit)
135 http cache iconv-lite@https://registry.npmjs.org/iconv-lite/-/iconv-lite-0.6.3.tgz 0ms (cache hit)
136 http cache https-proxy-agent@https://registry.npmjs.org/https-proxy-agent/-/https-proxy-agent-5.0.1.tgz 0ms (cache hit)
137 http cache http-errors@https://registry.npmjs.org/http-errors/-/http-errors-2.0.0.tgz 0ms (cache hit)
138 http cache hasown@https://registry.npmjs.org/hasown/-/hasown-2.0.2.tgz 0ms (cache hit)
139 http cache has-unicode@https://registry.npmjs.org/has-unicode/-/has-unicode-2.0.1.tgz 0ms (cache hit)
140 http cache has-symbols@https://registry.npmjs.org/has-symbols/-/has-symbols-1.1.0.tgz 0ms (cache hit)
141 http cache has-own-prop@https://registry.npmjs.org/has-own-prop/-/has-own-prop-2.0.0.tgz 0ms (cache hit)
142 http cache gtoken@https://registry.npmjs.org/gtoken/-/gtoken-8.0.0.tgz 0ms (cache hit)
143 http cache gridfs-stream@https://registry.npmjs.org/gridfs-stream/-/gridfs-stream-1.1.1.tgz 0ms (cache hit)
144 http cache has-flag@https://registry.npmjs.org/has-flag/-/has-flag-3.0.0.tgz 0ms (cache hit)
145 http cache gopd@https://registry.npmjs.org/gopd/-/gopd-1.2.0.tgz 0ms (cache hit)
146 http cache google-logging-utils@https://registry.npmjs.org/google-logging-utils/-/google-logging-utils-1.1.1.tgz 0ms (cache hit)
147 http cache google-auth-library@https://registry.npmjs.org/google-auth-library/-/google-auth-library-10.1.0.tgz 0ms (cache hit)
148 http cache glob-parent@https://registry.npmjs.org/glob-parent/-/glob-parent-5.1.2.tgz 0ms (cache hit)
149 http cache glob@https://registry.npmjs.org/glob/-/glob-7.2.3.tgz 0ms (cache hit)
150 http cache get-proto@https://registry.npmjs.org/get-proto/-/get-proto-1.0.1.tgz 0ms (cache hit)
151 http cache get-intrinsic@https://registry.npmjs.org/get-intrinsic/-/get-intrinsic-1.3.0.tgz 0ms (cache hit)
152 http cache gcp-metadata@https://registry.npmjs.org/gcp-metadata/-/gcp-metadata-5.3.0.tgz 0ms (cache hit)
153 http cache gaxios@https://registry.npmjs.org/gaxios/-/gaxios-7.1.1.tgz 0ms (cache hit)
154 http cache gauge@https://registry.npmjs.org/gauge/-/gauge-3.0.2.tgz 0ms (cache hit)
155 http cache function-bind@https://registry.npmjs.org/function-bind/-/function-bind-1.1.2.tgz 0ms (cache hit)
156 http cache fs.realpath@https://registry.npmjs.org/fs.realpath/-/fs.realpath-1.0.0.tgz 0ms (cache hit)
157 http cache fs-minipass@https://registry.npmjs.org/fs-minipass/-/fs-minipass-2.1.0.tgz 0ms (cache hit)
158 http cache fresh@https://registry.npmjs.org/fresh/-/fresh-2.0.0.tgz 0ms (cache hit)
159 http cache forwarded@https://registry.npmjs.org/forwarded/-/forwarded-0.2.0.tgz 0ms (cache hit)
160 http cache formdata-polyfill@https://registry.npmjs.org/formdata-polyfill/-/formdata-polyfill-4.0.10.tgz 0ms (cache hit)
161 http cache flushwritable@https://registry.npmjs.org/flushwritable/-/flushwritable-1.0.0.tgz 0ms (cache hit)
162 http cache fill-range@https://registry.npmjs.org/fill-range/-/fill-range-7.1.1.tgz 0ms (cache hit)
163 http cache finalhandler@https://registry.npmjs.org/finalhandler/-/finalhandler-2.1.0.tgz 0ms (cache hit)
164 http cache fetch-blob@https://registry.npmjs.org/fetch-blob/-/fetch-blob-3.2.0.tgz 0ms (cache hit)
165 http cache extend@https://registry.npmjs.org/extend/-/extend-3.0.2.tgz 0ms (cache hit)
166 http cache express-session@https://registry.npmjs.org/express-session/-/express-session-1.18.1.tgz 0ms (cache hit)
167 http cache express@https://registry.npmjs.org/express/-/express-5.1.0.tgz 0ms (cache hit)
168 http cache etag@https://registry.npmjs.org/etag/-/etag-1.8.1.tgz 0ms (cache hit)
169 http cache es-object-atoms@https://registry.npmjs.org/es-object-atoms/-/es-object-atoms-1.1.1.tgz 0ms (cache hit)
170 http cache escape-html@https://registry.npmjs.org/escape-html/-/escape-html-1.0.3.tgz 0ms (cache hit)
171 http cache es-errors@https://registry.npmjs.org/es-errors/-/es-errors-1.3.0.tgz 0ms (cache hit)
172 http cache es-define-property@https://registry.npmjs.org/es-define-property/-/es-define-property-1.0.1.tgz 0ms (cache hit)
173 http cache end-of-stream@https://registry.npmjs.org/end-of-stream/-/end-of-stream-1.4.4.tgz 0ms (cache hit)
174 http cache encodeurl@https://registry.npmjs.org/encodeurl/-/encodeurl-2.0.0.tgz 0ms (cache hit)
175 http cache emoji-regex@https://registry.npmjs.org/emoji-regex/-/emoji-regex-8.0.0.tgz 0ms (cache hit)
176 http cache ee-first@https://registry.npmjs.org/ee-first/-/ee-first-1.1.1.tgz 0ms (cache hit)
177 http cache ecdsa-sig-formatter@https://registry.npmjs.org/ecdsa-sig-formatter/-/ecdsa-sig-formatter-1.0.11.tgz 0ms (cache hit)
178 http cache dunder-proto@https://registry.npmjs.org/dunder-proto/-/dunder-proto-1.0.1.tgz 0ms (cache hit)
179 http cache dotenv@https://registry.npmjs.org/dotenv/-/dotenv-16.5.0.tgz 0ms (cache hit)
180 http cache dicer@https://registry.npmjs.org/dicer/-/dicer-0.2.5.tgz 0ms (cache hit)
181 http cache detect-libc@https://registry.npmjs.org/detect-libc/-/detect-libc-2.0.3.tgz 0ms (cache hit)
182 http cache depd@https://registry.npmjs.org/depd/-/depd-2.0.0.tgz 0ms (cache hit)
183 http cache delegates@https://registry.npmjs.org/delegates/-/delegates-1.0.0.tgz 0ms (cache hit)
184 http cache debug@https://registry.npmjs.org/debug/-/debug-4.4.0.tgz 0ms (cache hit)
185 http cache data-uri-to-buffer@https://registry.npmjs.org/data-uri-to-buffer/-/data-uri-to-buffer-4.0.1.tgz 0ms (cache hit)
186 http cache crypto@https://registry.npmjs.org/crypto/-/crypto-1.0.1.tgz 0ms (cache hit)
187 http cache cors@https://registry.npmjs.org/cors/-/cors-2.8.5.tgz 0ms (cache hit)
188 http cache cookie-signature@https://registry.npmjs.org/cookie-signature/-/cookie-signature-1.2.2.tgz 0ms (cache hit)
189 http cache core-util-is@https://registry.npmjs.org/core-util-is/-/core-util-is-1.0.3.tgz 0ms (cache hit)
190 http cache content-type@https://registry.npmjs.org/content-type/-/content-type-1.0.5.tgz 0ms (cache hit)
191 http cache cookie@https://registry.npmjs.org/cookie/-/cookie-0.7.2.tgz 0ms (cache hit)
192 http cache content-disposition@https://registry.npmjs.org/content-disposition/-/content-disposition-1.0.0.tgz 1ms (cache hit)
193 http cache concat-stream@https://registry.npmjs.org/concat-stream/-/concat-stream-1.6.2.tgz 0ms (cache hit)
194 http cache console-control-strings@https://registry.npmjs.org/console-control-strings/-/console-control-strings-1.1.0.tgz 0ms (cache hit)
195 http cache concat-map@https://registry.npmjs.org/concat-map/-/concat-map-0.0.1.tgz 0ms (cache hit)
196 http cache chownr@https://registry.npmjs.org/chownr/-/chownr-2.0.0.tgz 0ms (cache hit)
197 http cache color-support@https://registry.npmjs.org/color-support/-/color-support-1.1.3.tgz 0ms (cache hit)
198 http cache chokidar@https://registry.npmjs.org/chokidar/-/chokidar-3.6.0.tgz 0ms (cache hit)
199 http cache call-bind-apply-helpers@https://registry.npmjs.org/call-bind-apply-helpers/-/call-bind-apply-helpers-1.0.2.tgz 0ms (cache hit)
200 http cache call-bound@https://registry.npmjs.org/call-bound/-/call-bound-1.0.4.tgz 0ms (cache hit)
201 http cache busboy@https://registry.npmjs.org/busboy/-/busboy-0.2.14.tgz 0ms (cache hit)
202 http cache buffer-from@https://registry.npmjs.org/buffer-from/-/buffer-from-1.1.2.tgz 0ms (cache hit)
203 http cache bytes@https://registry.npmjs.org/bytes/-/bytes-3.1.2.tgz 0ms (cache hit)
204 http cache buffer-equal-constant-time@https://registry.npmjs.org/buffer-equal-constant-time/-/buffer-equal-constant-time-1.0.1.tgz 0ms (cache hit)
205 http cache bson@https://registry.npmjs.org/bson/-/bson-6.10.3.tgz 0ms (cache hit)
206 http cache braces@https://registry.npmjs.org/braces/-/braces-3.0.3.tgz 0ms (cache hit)
207 http cache brace-expansion@https://registry.npmjs.org/brace-expansion/-/brace-expansion-1.1.11.tgz 0ms (cache hit)
208 http cache body-parser@https://registry.npmjs.org/body-parser/-/body-parser-2.2.0.tgz 0ms (cache hit)
209 http cache binary-extensions@https://registry.npmjs.org/binary-extensions/-/binary-extensions-2.3.0.tgz 0ms (cache hit)
210 http cache bignumber.js@https://registry.npmjs.org/bignumber.js/-/bignumber.js-9.3.0.tgz 0ms (cache hit)
211 http cache bcrypt@https://registry.npmjs.org/bcrypt/-/bcrypt-5.1.1.tgz 0ms (cache hit)
212 http cache balanced-match@https://registry.npmjs.org/balanced-match/-/balanced-match-1.0.2.tgz 0ms (cache hit)
213 http cache are-we-there-yet@https://registry.npmjs.org/are-we-there-yet/-/are-we-there-yet-2.0.0.tgz 0ms (cache hit)
214 http cache base64-js@https://registry.npmjs.org/base64-js/-/base64-js-1.5.1.tgz 0ms (cache hit)
215 http cache append-field@https://registry.npmjs.org/append-field/-/append-field-1.0.0.tgz 0ms (cache hit)
216 http cache aproba@https://registry.npmjs.org/aproba/-/aproba-2.0.0.tgz 0ms (cache hit)
217 http cache anymatch@https://registry.npmjs.org/anymatch/-/anymatch-3.1.3.tgz 0ms (cache hit)
218 http cache ansi-regex@https://registry.npmjs.org/ansi-regex/-/ansi-regex-5.0.1.tgz 0ms (cache hit)
219 http cache agent-base@https://registry.npmjs.org/agent-base/-/agent-base-6.0.2.tgz 0ms (cache hit)
220 http cache accepts@https://registry.npmjs.org/accepts/-/accepts-2.0.0.tgz 0ms (cache hit)
221 http cache abbrev@https://registry.npmjs.org/abbrev/-/abbrev-1.1.1.tgz 0ms (cache hit)
222 http cache @types/whatwg-url@https://registry.npmjs.org/@types/whatwg-url/-/whatwg-url-11.0.5.tgz 0ms (cache hit)
223 http cache @types/serve-static@https://registry.npmjs.org/@types/serve-static/-/serve-static-1.15.7.tgz 0ms (cache hit)
224 http cache @types/webidl-conversions@https://registry.npmjs.org/@types/webidl-conversions/-/webidl-conversions-7.0.3.tgz 0ms (cache hit)
225 http cache @types/send@https://registry.npmjs.org/@types/send/-/send-0.17.4.tgz 0ms (cache hit)
226 http cache @types/range-parser@https://registry.npmjs.org/@types/range-parser/-/range-parser-1.2.7.tgz 0ms (cache hit)
227 http cache @types/pump@https://registry.npmjs.org/@types/pump/-/pump-1.1.3.tgz 0ms (cache hit)
228 http cache @types/qs@https://registry.npmjs.org/@types/qs/-/qs-6.14.0.tgz 0ms (cache hit)
229 http cache @types/node@https://registry.npmjs.org/@types/node/-/node-22.15.21.tgz 0ms (cache hit)
230 http cache @types/multer@https://registry.npmjs.org/@types/multer/-/multer-1.4.12.tgz 0ms (cache hit)
231 http cache @types/mongodb@https://registry.npmjs.org/@types/mongodb/-/mongodb-3.6.20.tgz 0ms (cache hit)
232 http cache @types/mime@https://registry.npmjs.org/@types/mime/-/mime-1.3.5.tgz 0ms (cache hit)
233 http cache @types/http-errors@https://registry.npmjs.org/@types/http-errors/-/http-errors-2.0.4.tgz 0ms (cache hit)
234 http cache @types/express@https://registry.npmjs.org/@types/express/-/express-4.17.22.tgz 0ms (cache hit)
235 http cache @types/express-serve-static-core@https://registry.npmjs.org/@types/express-serve-static-core/-/express-serve-static-core-4.19.6.tgz 0ms (cache hit)
236 http cache @types/connect@https://registry.npmjs.org/@types/connect/-/connect-3.4.38.tgz 0ms (cache hit)
237 http cache @types/bson@https://registry.npmjs.org/@types/bson/-/bson-4.0.5.tgz 0ms (cache hit)
238 http cache @mongodb-js/saslprep@https://registry.npmjs.org/@mongodb-js/saslprep/-/saslprep-1.2.2.tgz 0ms (cache hit)
239 http cache @types/body-parser@https://registry.npmjs.org/@types/body-parser/-/body-parser-1.19.5.tgz 0ms (cache hit)
240 http cache @mapbox/node-pre-gyp@https://registry.npmjs.org/@mapbox/node-pre-gyp/-/node-pre-gyp-1.0.11.tgz 0ms (cache hit)
241 http cache tr46@https://registry.npmjs.org/tr46/-/tr46-0.0.3.tgz 0ms (cache hit)
242 http cache mkdirp@https://registry.npmjs.org/mkdirp/-/mkdirp-0.5.6.tgz 0ms (cache hit)
243 http cache mime-types@https://registry.npmjs.org/mime-types/-/mime-types-2.1.35.tgz 0ms (cache hit)
244 http cache mime-db@https://registry.npmjs.org/mime-db/-/mime-db-1.52.0.tgz 0ms (cache hit)
245 http cache media-typer@https://registry.npmjs.org/media-typer/-/media-typer-0.3.0.tgz 0ms (cache hit)
246 http cache whatwg-url@https://registry.npmjs.org/whatwg-url/-/whatwg-url-5.0.0.tgz 0ms (cache hit)
247 http cache webidl-conversions@https://registry.npmjs.org/webidl-conversions/-/webidl-conversions-3.0.1.tgz 0ms (cache hit)
248 http cache minipass@https://registry.npmjs.org/minipass/-/minipass-3.3.6.tgz 0ms (cache hit)
249 http cache type-is@https://registry.npmjs.org/type-is/-/type-is-1.6.18.tgz 0ms (cache hit)
250 http cache semver@https://registry.npmjs.org/semver/-/semver-6.3.1.tgz 0ms (cache hit)
251 http cache jwa@https://registry.npmjs.org/jwa/-/jwa-2.0.1.tgz 0ms (cache hit)
252 http cache jws@https://registry.npmjs.org/jws/-/jws-4.0.0.tgz 0ms (cache hit)
253 http cache jws@https://registry.npmjs.org/jws/-/jws-4.0.0.tgz 0ms (cache hit)
254 http cache jwa@https://registry.npmjs.org/jwa/-/jwa-2.0.1.tgz 0ms (cache hit)
255 http cache gcp-metadata@https://registry.npmjs.org/gcp-metadata/-/gcp-metadata-7.0.1.tgz 0ms (cache hit)
256 http cache node-fetch@https://registry.npmjs.org/node-fetch/-/node-fetch-3.3.2.tgz 0ms (cache hit)
257 http cache gaxios@https://registry.npmjs.org/gaxios/-/gaxios-5.1.3.tgz 0ms (cache hit)
258 http cache https-proxy-agent@https://registry.npmjs.org/https-proxy-agent/-/https-proxy-agent-7.0.6.tgz 0ms (cache hit)
259 http cache agent-base@https://registry.npmjs.org/agent-base/-/agent-base-7.1.4.tgz 0ms (cache hit)
260 http cache minipass@https://registry.npmjs.org/minipass/-/minipass-3.3.6.tgz 0ms (cache hit)
261 http cache ms@https://registry.npmjs.org/ms/-/ms-2.0.0.tgz 0ms (cache hit)
262 http cache debug@https://registry.npmjs.org/debug/-/debug-2.6.9.tgz 0ms (cache hit)
263 http cache cookie-signature@https://registry.npmjs.org/cookie-signature/-/cookie-signature-1.0.7.tgz 0ms (cache hit)
264 http cache readable-stream@https://registry.npmjs.org/readable-stream/-/readable-stream-1.1.14.tgz 0ms (cache hit)
265 http cache string_decoder@https://registry.npmjs.org/string_decoder/-/string_decoder-1.1.1.tgz 0ms (cache hit)
266 http cache string_decoder@https://registry.npmjs.org/string_decoder/-/string_decoder-0.10.31.tgz 0ms (cache hit)
267 http cache safe-buffer@https://registry.npmjs.org/safe-buffer/-/safe-buffer-5.1.2.tgz 0ms (cache hit)
268 http cache readable-stream@https://registry.npmjs.org/readable-stream/-/readable-stream-2.3.8.tgz 0ms (cache hit)
269 http cache isarray@https://registry.npmjs.org/isarray/-/isarray-1.0.0.tgz 0ms (cache hit)
270 http cache string_decoder@https://registry.npmjs.org/string_decoder/-/string_decoder-0.10.31.tgz 0ms (cache hit)
271 http cache readable-stream@https://registry.npmjs.org/readable-stream/-/readable-stream-1.1.14.tgz 0ms (cache hit)
272 warn deprecated crypto@1.0.1: This package is no longer supported. It's now a built-in Node module. If you've depended on crypto, you should switch to the one that's built-in.
273 warn deprecated inflight@1.0.6: This module is not supported, and leaks memory. Do not use it. Check out lru-cache if you want a good and tested way to coalesce async requests by a key value, which is much more comprehensive and powerful.
274 http fetch POST 200 https://registry.npmjs.org/-/npm/v1/security/advisories/bulk 676ms
275 silly audit report {
275 silly audit report   'body-parser': [
275 silly audit report     {
275 silly audit report       id: 1110858,
275 silly audit report       url: 'https://github.com/advisories/GHSA-wqch-xfxh-vrr4',
275 silly audit report       title: 'body-parser is vulnerable to denial of service when url encoding is used',
275 silly audit report       severity: 'moderate',
275 silly audit report       vulnerable_versions: '>=2.2.0 <2.2.1',
275 silly audit report       cwe: [Array],
275 silly audit report       cvss: [Object]
275 silly audit report     },
275 silly audit report     {
275 silly audit report       id: 1123976,
275 silly audit report       url: 'https://github.com/advisories/GHSA-v422-hmwv-36x6',
275 silly audit report       title: 'body-parser vulnerable to denial of service when invalid limit value silently disables size enforcement',
275 silly audit report       severity: 'low',
275 silly audit report       vulnerable_versions: '>=2.0.0 <2.3.0',
275 silly audit report       cwe: [Array],
275 silly audit report       cvss: [Object]
275 silly audit report     }
275 silly audit report   ],
275 silly audit report   'brace-expansion': [
275 silly audit report     {
275 silly audit report       id: 1105443,
275 silly audit report       url: 'https://github.com/advisories/GHSA-v6h2-p8h4-qcjw',
275 silly audit report       title: 'brace-expansion Regular Expression Denial of Service vulnerability',
275 silly audit report       severity: 'low',
275 silly audit report       vulnerable_versions: '>=1.0.0 <=1.1.11',
275 silly audit report       cwe: [Array],
275 silly audit report       cvss: [Object]
275 silly audit report     },
275 silly audit report     {
275 silly audit report       id: 1130588,
275 silly audit report       url: 'https://github.com/advisories/GHSA-mh99-v99m-4gvg',
275 silly audit report       title: 'brace-expansion: DoS via unbounded expansion length causing an out-of-memory process crash',
275 silly audit report       severity: 'high',
275 silly audit report       vulnerable_versions: '<1.1.17',
275 silly audit report       cwe: [Array],
275 silly audit report       cvss: [Object]
275 silly audit report     },
275 silly audit report     {
275 silly audit report       id: 1130737,
275 silly audit report       url: 'https://github.com/advisories/GHSA-rgw5-rvv9-x895',
275 silly audit report       title: 'brace-expansion: DoS via unbounded intermediate arrays, bypassing the CVE-2026-14257 mitigation',
275 silly audit report       severity: 'high',
275 silly audit report       vulnerable_versions: '<1.1.18',
275 silly audit report       cwe: [Array],
275 silly audit report       cvss: [Object]
275 silly audit report     },
275 silly audit report     {
275 silly audit report       id: 1115540,
275 silly audit report       url: 'https://github.com/advisories/GHSA-f886-m6hf-6m8v',
275 silly audit report       title: 'brace-expansion: Zero-step sequence causes process hang and memory exhaustion',
275 silly audit report       severity: 'moderate',
275 silly audit report       vulnerable_versions: '<1.1.13',
275 silly audit report       cwe: [Array],
275 silly audit report       cvss: [Object]
275 silly audit report     },
275 silly audit report     {
275 silly audit report       id: 1123897,
275 silly audit report       url: 'https://github.com/advisories/GHSA-3jxr-9vmj-r5cp',
275 silly audit report       title: 'brace-expansion: DoS via exponential-time expansion of consecutive non-expanding {} groups',
275 silly audit report       severity: 'high',
275 silly audit report       vulnerable_versions: '<1.1.16',
275 silly audit report       cwe: [Array],
275 silly audit report       cvss: [Object]
275 silly audit report     }
275 silly audit report   ],
275 silly audit report   dicer: [
275 silly audit report     {
275 silly audit report       id: 1093150,
275 silly audit report       url: 'https://github.com/advisories/GHSA-wm7h-9275-46v2',
275 silly audit report       title: 'Crash in HeaderParser in dicer',
275 silly audit report       severity: 'high',
275 silly audit report       vulnerable_versions: '<=0.3.1',
275 silly audit report       cwe: [Array],
275 silly audit report       cvss: [Object]
275 silly audit report     }
275 silly audit report   ],
275 silly audit report   jws: [
275 silly audit report     {
275 silly audit report       id: 1111243,
275 silly audit report       url: 'https://github.com/advisories/GHSA-869p-cjfg-cm3x',
275 silly audit report       title: 'auth0/node-jws Improperly Verifies HMAC Signature',
275 silly audit report       severity: 'high',
275 silly audit report       vulnerable_versions: '=4.0.0',
275 silly audit report       cwe: [Array],
275 silly audit report       cvss: [Object]
275 silly audit report     },
275 silly audit report     {
275 silly audit report       id: 1111244,
275 silly audit report       url: 'https://github.com/advisories/GHSA-869p-cjfg-cm3x',
275 silly audit report       title: 'auth0/node-jws Improperly Verifies HMAC Signature',
275 silly audit report       severity: 'high',
275 silly audit report       vulnerable_versions: '<3.2.3',
275 silly audit report       cwe: [Array],
275 silly audit report       cvss: [Object]
275 silly audit report     }
275 silly audit report   ],
275 silly audit report   minimatch: [
275 silly audit report     {
275 silly audit report       id: 1113459,
275 silly audit report       url: 'https://github.com/advisories/GHSA-3ppc-4f35-3m26',
275 silly audit report       title: 'minimatch has a ReDoS via repeated wildcards with non-matching literal in pattern',
275 silly audit report       severity: 'high',
275 silly audit report       vulnerable_versions: '<3.1.3',
275 silly audit report       cwe: [Array],
275 silly audit report       cvss: [Object]
275 silly audit report     },
275 silly audit report     {
275 silly audit report       id: 1113538,
275 silly audit report       url: 'https://github.com/advisories/GHSA-7r86-cg39-jmmj',
275 silly audit report       title: 'minimatch has ReDoS: matchOne() combinatorial backtracking via multiple non-adjacent GLOBSTAR segments',
275 silly audit report       severity: 'high',
275 silly audit report       vulnerable_versions: '<3.1.3',
275 silly audit report       cwe: [Array],
275 silly audit report       cvss: [Object]
275 silly audit report     },
275 silly audit report     {
275 silly audit report       id: 1113546,
275 silly audit report       url: 'https://github.com/advisories/GHSA-23c5-xmqv-rm74',
275 silly audit report       title: 'minimatch ReDoS: nested *() extglobs generate catastrophically backtracking regular expressions',
275 silly audit report       severity: 'high',
275 silly audit report       vulnerable_versions: '<3.1.4',
275 silly audit report       cwe: [Array],
275 silly audit report       cvss: [Object]
275 silly audit report     }
275 silly audit report   ],
275 silly audit report   mongoose: [
275 silly audit report     {
275 silly audit report       id: 1118997,
275 silly audit report       url: 'https://github.com/advisories/GHSA-wpg9-53fq-2r8h',
275 silly audit report       title: "Mongoose's Improper Sanitization of $nor in sanitizeFilter May Allow NoSQL Injection",
275 silly audit report       severity: 'high',
275 silly audit report       vulnerable_versions: '>=8.0.0 <=8.22.0',
275 silly audit report       cwe: [Array],
275 silly audit report       cvss: [Object]
275 silly audit report     },
275 silly audit report     {
275 silly audit report       id: 1124292,
275 silly audit report       url: 'https://github.com/advisories/GHSA-664h-wqgq-64gw',
275 silly audit report       title: 'Mongoose: Prototype pollution in mongoose update casting via __proto__-prefixed dotted path (Schema._getSchema/path getter)',
275 silly audit report       severity: 'moderate',
275 silly audit report       vulnerable_versions: '>=8.0.0 <8.24.1',
275 silly audit report       cwe: [Array],
275 silly audit report       cvss: [Object]
275 silly audit report     }
275 silly audit report   ],
275 silly audit report   multer: [
275 silly audit report     {
275 silly audit report       id: 1104780,
275 silly audit report       url: 'https://github.com/advisories/GHSA-4pg4-qvpc-4q3h',
275 silly audit report       title: 'Multer vulnerable to Denial of Service from maliciously crafted requests',
275 silly audit report       severity: 'high',
275 silly audit report       vulnerable_versions: '>=1.4.4-lts.1 <2.0.0',
275 silly audit report       cwe: [Array],
275 silly audit report       cvss: [Object]
275 silly audit report     },
275 silly audit report     {
275 silly audit report       id: 1105262,
275 silly audit report       url: 'https://github.com/advisories/GHSA-g5hg-p3ph-g8qg',
275 silly audit report       title: 'Multer vulnerable to Denial of Service via unhandled exception',
275 silly audit report       severity: 'high',
275 silly audit report       vulnerable_versions: '>=1.4.4-lts.1 <2.0.1',
275 silly audit report       cwe: [Array],
275 silly audit report       cvss: [Object]
275 silly audit report     },
275 silly audit report     {
275 silly audit report       id: 1105267,
275 silly audit report       url: 'https://github.com/advisories/GHSA-44fp-w29j-9vj5',
275 silly audit report       title: 'Multer vulnerable to Denial of Service via memory leaks from unclosed streams',
275 silly audit report       severity: 'high',
275 silly audit report       vulnerable_versions: '<2.0.0',
275 silly audit report       cwe: [Array],
275 silly audit report       cvss: [Object]
275 silly audit report     },
275 silly audit report     {
275 silly audit report       id: 1106463,
275 silly audit report       url: 'https://github.com/advisories/GHSA-fjgf-rc76-4x9p',
275 silly audit report       title: 'Multer vulnerable to Denial of Service via unhandled exception from malformed request',
275 silly audit report       severity: 'high',
275 silly audit report       vulnerable_versions: '>=1.4.4-lts.1 <2.0.2',
275 silly audit report       cwe: [Array],
275 silly audit report       cvss: [Object]
275 silly audit report     },
275 silly audit report     {
275 silly audit report       id: 1113635,
275 silly audit report       url: 'https://github.com/advisories/GHSA-xf7r-hgr6-v32p',
275 silly audit report       title: 'Multer vulnerable to Denial of Service via incomplete cleanup',
275 silly audit report       severity: 'high',
275 silly audit report       vulnerable_versions: '<2.1.0',
275 silly audit report       cwe: [Array],
275 silly audit report       cvss: [Object]
275 silly audit report     },
275 silly audit report     {
275 silly audit report       id: 1113636,
275 silly audit report       url: 'https://github.com/advisories/GHSA-v52c-386h-88mc',
275 silly audit report       title: 'Multer vulnerable to Denial of Service via resource exhaustion',
275 silly audit report       severity: 'high',
275 silly audit report       vulnerable_versions: '<2.1.0',
275 silly audit report       cwe: [Array],
275 silly audit report       cvss: [Object]
275 silly audit report     },
275 silly audit report     {
275 silly audit report       id: 1113996,
275 silly audit report       url: 'https://github.com/advisories/GHSA-5528-5vmv-3xc2',
275 silly audit report       title: 'Multer Vulnerable to Denial of Service via Uncontrolled Recursion',
275 silly audit report       severity: 'high',
275 silly audit report       vulnerable_versions: '<2.1.1',
275 silly audit report       cwe: [Array],
275 silly audit report       cvss: [Object]
275 silly audit report     },
275 silly audit report     {
275 silly audit report       id: 1121089,
275 silly audit report       url: 'https://github.com/advisories/GHSA-72gw-mp4g-v24j',
275 silly audit report       title: 'Multer vulnerable to Denial of Service via deeply nested field names',
275 silly audit report       severity: 'high',
275 silly audit report       vulnerable_versions: '>=1.0.0 <2.2.0',
275 silly audit report       cwe: [Array],
275 silly audit report       cvss: [Object]
275 silly audit report     }
275 silly audit report   ],
275 silly audit report   'on-headers': [
275 silly audit report     {
275 silly audit report       id: 1106812,
275 silly audit report       url: 'https://github.com/advisories/GHSA-76c9-3jph-rj3q',
275 silly audit report       title: 'on-headers is vulnerable to http response header manipulation',
275 silly audit report       severity: 'low',
275 silly audit report       vulnerable_versions: '<1.1.0',
275 silly audit report       cwe: [Array],
275 silly audit report       cvss: [Object]
275 silly audit report     }
275 silly audit report   ],
275 silly audit report   'path-to-regexp': [
275 silly audit report     {
275 silly audit report       id: 1115573,
275 silly audit report       url: 'https://github.com/advisories/GHSA-j3q9-mxjg-w52f',
275 silly audit report       title: 'path-to-regexp vulnerable to Denial of Service via sequential optional groups',
275 silly audit report       severity: 'high',
275 silly audit report       vulnerable_versions: '>=8.0.0 <8.4.0',
275 silly audit report       cwe: [Array],
275 silly audit report       cvss: [Object]
275 silly audit report     },
275 silly audit report     {
275 silly audit report       id: 1115582,
275 silly audit report       url: 'https://github.com/advisories/GHSA-27v5-c462-wpq7',
275 silly audit report       title: 'path-to-regexp vulnerable to Regular Expression Denial of Service via multiple wildcards',
275 silly audit report       severity: 'moderate',
275 silly audit report       vulnerable_versions: '>=8.0.0 <8.4.0',
275 silly audit report       cwe: [Array],
275 silly audit report       cvss: [Object]
275 silly audit report     }
275 silly audit report   ],
275 silly audit report   picomatch: [
275 silly audit report     {
275 silly audit report       id: 1115549,
275 silly audit report       url: 'https://github.com/advisories/GHSA-3v7f-55p6-f55p',
275 silly audit report       title: 'Picomatch: Method Injection in POSIX Character Classes causes incorrect Glob Matching',
275 silly audit report       severity: 'moderate',
275 silly audit report       vulnerable_versions: '<2.3.2',
275 silly audit report       cwe: [Array],
275 silly audit report       cvss: [Object]
275 silly audit report     },
275 silly audit report     {
275 silly audit report       id: 1115552,
275 silly audit report       url: 'https://github.com/advisories/GHSA-c2c7-rcm5-vvqj',
275 silly audit report       title: 'Picomatch has a ReDoS vulnerability via extglob quantifiers',
275 silly audit report       severity: 'high',
275 silly audit report       vulnerable_versions: '<2.3.2',
275 silly audit report       cwe: [Array],
275 silly audit report       cvss: [Object]
275 silly audit report     }
275 silly audit report   ],
275 silly audit report   qs: [
275 silly audit report     {
275 silly audit report       id: 1119502,
275 silly audit report       url: 'https://github.com/advisories/GHSA-q8mj-m7cp-5q26',
275 silly audit report       title: 'qs has a remotely triggerable DoS: qs.stringify crashes with TypeError on null/undefined entries in comma-format arrays when encodeValuesOnly is set',
275 silly audit report       severity: 'moderate',
275 silly audit report       vulnerable_versions: '>=6.11.1 <=6.15.1',
275 silly audit report       cwe: [Array],
275 silly audit report       cvss: [Object]
275 silly audit report     },
275 silly audit report     {
275 silly audit report       id: 1113161,
275 silly audit report       url: 'https://github.com/advisories/GHSA-w7fw-mjwx-w883',
275 silly audit report       title: "qs's arrayLimit bypass in comma parsing allows denial of service",
275 silly audit report       severity: 'low',
275 silly audit report       vulnerable_versions: '>=6.7.0 <=6.14.1',
275 silly audit report       cwe: [Array],
275 silly audit report       cvss: [Object]
275 silly audit report     },
275 silly audit report     {
275 silly audit report       id: 1113719,
275 silly audit report       url: 'https://github.com/advisories/GHSA-6rw7-vpxm-498p',
275 silly audit report       title: "qs's arrayLimit bypass in its bracket notation allows DoS via memory exhaustion",
275 silly audit report       severity: 'moderate',
275 silly audit report       vulnerable_versions: '<6.14.1',
275 silly audit report       cwe: [Array],
275 silly audit report       cvss: [Object]
275 silly audit report     }
275 silly audit report   ],
275 silly audit report   tar: [
275 silly audit report     {
275 silly audit report       id: 1112659,
275 silly audit report       url: 'https://github.com/advisories/GHSA-34x7-hfp2-rc4v',
275 silly audit report       title: 'node-tar Vulnerable to Arbitrary File Creation/Overwrite via Hardlink Path Traversal',
275 silly audit report       severity: 'high',
275 silly audit report       vulnerable_versions: '<7.5.7',
275 silly audit report       cwe: [Array],
275 silly audit report       cvss: [Object]
275 silly audit report     },
275 silly audit report     {
275 silly audit report       id: 1113300,
275 silly audit report       url: 'https://github.com/advisories/GHSA-8qq5-rm4j-mr97',
275 silly audit report       title: 'node-tar is Vulnerable to Arbitrary File Overwrite and Symlink Poisoning via Insufficient Path Sanitization',
275 silly audit report       severity: 'high',
275 silly audit report       vulnerable_versions: '<=7.5.2',
275 silly audit report       cwe: [Array],
275 silly audit report       cvss: [Object]
275 silly audit report     },
275 silly audit report     {
275 silly audit report       id: 1113375,
275 silly audit report       url: 'https://github.com/advisories/GHSA-83g3-92jg-28cx',
275 silly audit report       title: 'Arbitrary File Read/Write via Hardlink Target Escape Through Symlink Chain in node-tar Extraction',
275 silly audit report       severity: 'high',
275 silly audit report       vulnerable_versions: '<7.5.8',
275 silly audit report       cwe: [Array],
275 silly audit report       cvss: [Object]
275 silly audit report     },
275 silly audit report     {
275 silly audit report       id: 1114200,
275 silly audit report       url: 'https://github.com/advisories/GHSA-qffp-2rhf-9h96',
275 silly audit report       title: 'tar has Hardlink Path Traversal via Drive-Relative Linkpath',
275 silly audit report       severity: 'high',
275 silly audit report       vulnerable_versions: '<=7.5.9',
275 silly audit report       cwe: [Array],
275 silly audit report       cvss: [Object]
275 silly audit report     },
275 silly audit report     {
275 silly audit report       id: 1114302,
275 silly audit report       url: 'https://github.com/advisories/GHSA-9ppj-qmqm-q256',
275 silly audit report       title: 'node-tar Symlink Path Traversal via Drive-Relative Linkpath',
275 silly audit report       severity: 'high',
275 silly audit report       vulnerable_versions: '<=7.5.10',
275 silly audit report       cwe: [Array],
275 silly audit report       cvss: [Object]
275 silly audit report     },
275 silly audit report     {
275 silly audit report       id: 1120782,
275 silly audit report       url: 'https://github.com/advisories/GHSA-vmf3-w455-68vh',
275 silly audit report       title: 'node-tar applies PAX size override to intermediary GNU long-name/long-link headers, causing tar parser interpretation differential (file smuggling)',
275 silly audit report       severity: 'moderate',
275 silly audit report       vulnerable_versions: '<=7.5.15',
275 silly audit report       cwe: [Array],
275 silly audit report       cvss: [Object]
275 silly audit report     },
275 silly audit report     {
275 silly audit report       id: 1114680,
275 silly audit report       url: 'https://github.com/advisories/GHSA-r6q2-hw4h-h46w',
275 silly audit report       title: 'Race Condition in node-tar Path Reservations via Unicode Ligature Collisions on macOS APFS',
275 silly audit report       severity: 'high',
275 silly audit report       vulnerable_versions: '<=7.5.3',
275 silly audit report       cwe: [Array],
275 silly audit report       cvss: [Object]
275 silly audit report     },
275 silly audit report     {
275 silly audit report       id: 1123939,
275 silly audit report       url: 'https://github.com/advisories/GHSA-w8wr-v893-vjvp',
275 silly audit report       title: 'node-tar: Process crash via PAX numeric path type confusion',
275 silly audit report       severity: 'moderate',
275 silly audit report       vulnerable_versions: '<=7.5.17',
275 silly audit report       cwe: [Array],
275 silly audit report       cvss: [Object]
275 silly audit report     },
275 silly audit report     {
275 silly audit report       id: 1123940,
275 silly audit report       url: 'https://github.com/advisories/GHSA-23hp-3jrh-7fpw',
275 silly audit report       title: 'node-tar: Decompression/parse DoS via unlimited input',
275 silly audit report       severity: 'critical',
275 silly audit report       vulnerable_versions: '<=7.5.18',
275 silly audit report       cwe: [Array],
275 silly audit report       cvss: [Object]
275 silly audit report     },
275 silly audit report     {
275 silly audit report       id: 1123941,
275 silly audit report       url: 'https://github.com/advisories/GHSA-8x88-c5mf-7j5w',
275 silly audit report       title: 'node-tar: Negative tar entry size causes infinite loop in archive replace',
275 silly audit report       severity: 'high',
275 silly audit report       vulnerable_versions: '<=7.5.17',
275 silly audit report       cwe: [Array],
275 silly audit report       cvss: [Object]
275 silly audit report     },
275 silly audit report     {
275 silly audit report       id: 1123942,
275 silly audit report       url: 'https://github.com/advisories/GHSA-gvwx-54wh-qm9j',
275 silly audit report       title: 'node-tar: Uncaught Exception DoS via NUL byte in PAX path/linkpath records',
275 silly audit report       severity: 'moderate',
275 silly audit report       vulnerable_versions: '<=7.5.16',
275 silly audit report       cwe: [Array],
275 silly audit report       cvss: [Object]
275 silly audit report     },
275 silly audit report     {
275 silly audit report       id: 1124287,
275 silly audit report       url: 'https://github.com/advisories/GHSA-r292-9mhp-454m',
275 silly audit report       title: 'node-tar: Uncontrolled recursion in mapHas/filesFilter allows uncatchable stack-overflow DoS via crafted long-path tar with member selection',
275 silly audit report       severity: 'moderate',
275 silly audit report       vulnerable_versions: '<=7.5.20',
275 silly audit report       cwe: [Array],
275 silly audit report       cvss: [Object]
275 silly audit report     }
275 silly audit report   ]
275 silly audit report }
276 silly packumentCache corgi:https://registry.npmjs.org/body-parser cache-miss
277 silly packumentCache corgi:https://registry.npmjs.org/brace-expansion cache-miss
278 silly packumentCache corgi:https://registry.npmjs.org/dicer cache-miss
279 silly packumentCache corgi:https://registry.npmjs.org/jws cache-miss
280 silly packumentCache corgi:https://registry.npmjs.org/minimatch cache-miss
281 silly packumentCache corgi:https://registry.npmjs.org/mongoose cache-miss
282 silly packumentCache corgi:https://registry.npmjs.org/multer cache-miss
283 silly packumentCache corgi:https://registry.npmjs.org/on-headers cache-miss
284 silly packumentCache corgi:https://registry.npmjs.org/path-to-regexp cache-miss
285 silly packumentCache corgi:https://registry.npmjs.org/picomatch cache-miss
286 silly packumentCache corgi:https://registry.npmjs.org/qs cache-miss
287 silly packumentCache corgi:https://registry.npmjs.org/tar cache-miss
288 warn deprecated npmlog@5.0.1: This package is no longer supported.
289 warn deprecated rimraf@3.0.2: Rimraf versions prior to v4 are no longer supported
290 warn deprecated glob@7.2.3: Glob versions prior to v9 are no longer supported
291 warn deprecated are-we-there-yet@2.0.0: This package is no longer supported.
292 warn deprecated gauge@3.0.2: This package is no longer supported.
293 warn deprecated multer@1.4.4: Multer 1.x is affected by CVE-2022-24434. This is fixed in v1.4.4-lts.1 which drops support for versions of Node.js before 6. Please upgrade to at least Node.js 6 and version 1.4.4-lts.1 of Multer. If you need support for older versions of Node.js, we are open to accepting patches that would fix the CVE on the main 1.x release line, whilst maintaining compatibility with Node.js 0.10.
294 http fetch GET 200 https://registry.npmjs.org/body-parser 232ms (cache revalidated)
295 silly packumentCache corgi:https://registry.npmjs.org/body-parser set size:81203 disposed:false
296 warn deprecated node-domexception@1.0.0: Use your platform's native DOMException instead
297 http fetch GET 200 https://registry.npmjs.org/on-headers 397ms (cache revalidated)
298 silly packumentCache corgi:https://registry.npmjs.org/on-headers set size:4386 disposed:false
299 http fetch GET 200 https://registry.npmjs.org/jws 400ms (cache revalidated)
300 silly packumentCache corgi:https://registry.npmjs.org/jws set size:20153 disposed:false
301 http fetch GET 200 https://registry.npmjs.org/path-to-regexp 421ms (cache revalidated)
302 silly packumentCache corgi:https://registry.npmjs.org/path-to-regexp set size:66575 disposed:false
303 http fetch GET 200 https://registry.npmjs.org/minimatch 425ms (cache revalidated)
304 silly packumentCache corgi:https://registry.npmjs.org/minimatch set size:169442 disposed:false
305 http fetch GET 200 https://registry.npmjs.org/qs 426ms (cache revalidated)
306 silly packumentCache corgi:https://registry.npmjs.org/qs set size:148003 disposed:false
307 http fetch GET 200 https://registry.npmjs.org/tar 429ms (cache revalidated)
308 silly packumentCache corgi:https://registry.npmjs.org/tar set size:208035 disposed:false
309 http fetch GET 200 https://registry.npmjs.org/mongoose 448ms (cache revalidated)
310 silly packumentCache corgi:https://registry.npmjs.org/mongoose set size:1642170 disposed:false
311 http fetch GET 200 https://registry.npmjs.org/picomatch 468ms (cache revalidated)
312 silly packumentCache corgi:https://registry.npmjs.org/picomatch set size:45123 disposed:false
313 http fetch GET 200 https://registry.npmjs.org/brace-expansion 475ms (cache revalidated)
314 silly packumentCache corgi:https://registry.npmjs.org/brace-expansion set size:34964 disposed:false
315 http fetch GET 200 https://registry.npmjs.org/multer 474ms (cache revalidated)
316 silly packumentCache corgi:https://registry.npmjs.org/multer set size:72380 disposed:false
317 http fetch GET 200 https://registry.npmjs.org/dicer 482ms (cache revalidated)
318 silly packumentCache corgi:https://registry.npmjs.org/dicer set size:12923 disposed:false
319 silly packumentCache corgi:https://registry.npmjs.org/express cache-miss
320 info run bcrypt@5.1.1 install node_modules/bcrypt node-pre-gyp install --fallback-to-build
321 http fetch GET 200 https://registry.npmjs.org/express 209ms (cache revalidated)
322 silly packumentCache corgi:https://registry.npmjs.org/express set size:339376 disposed:false
323 silly packumentCache corgi:https://registry.npmjs.org/busboy cache-miss
324 http fetch GET 200 https://registry.npmjs.org/busboy 220ms (cache revalidated)
325 silly packumentCache corgi:https://registry.npmjs.org/busboy set size:31771 disposed:false
326 silly packumentCache corgi:https://registry.npmjs.org/google-auth-library cache-miss
327 silly packumentCache corgi:https://registry.npmjs.org/gtoken cache-miss
328 info run bcrypt@5.1.1 install { code: 0, signal: null }
329 http fetch GET 200 https://registry.npmjs.org/google-auth-library 198ms (cache revalidated)
330 silly packumentCache corgi:https://registry.npmjs.org/google-auth-library set size:373596 disposed:false
331 http fetch GET 200 https://registry.npmjs.org/gtoken 202ms (cache revalidated)
332 silly packumentCache corgi:https://registry.npmjs.org/gtoken set size:74319 disposed:false
333 silly packumentCache corgi:https://registry.npmjs.org/jsonwebtoken cache-miss
334 http fetch GET 200 https://registry.npmjs.org/jsonwebtoken 199ms (cache revalidated)
335 silly packumentCache corgi:https://registry.npmjs.org/jsonwebtoken set size:67367 disposed:false
336 silly packumentCache corgi:https://registry.npmjs.org/glob cache-miss
337 silly packumentCache corgi:https://registry.npmjs.org/nodemon cache-miss
338 http fetch GET 200 https://registry.npmjs.org/glob 207ms (cache revalidated)
339 silly packumentCache corgi:https://registry.npmjs.org/glob set size:199194 disposed:false
340 http fetch GET 200 https://registry.npmjs.org/nodemon 214ms (cache revalidated)
341 silly packumentCache corgi:https://registry.npmjs.org/nodemon set size:282567 disposed:false
342 silly packumentCache corgi:https://registry.npmjs.org/multer-gridfs-storage cache-miss
343 http fetch GET 200 https://registry.npmjs.org/multer-gridfs-storage 194ms (cache revalidated)
344 silly packumentCache corgi:https://registry.npmjs.org/multer-gridfs-storage set size:45151 disposed:false
345 silly packumentCache corgi:https://registry.npmjs.org/express-session cache-miss
346 http fetch GET 200 https://registry.npmjs.org/express-session 201ms (cache revalidated)
347 silly packumentCache corgi:https://registry.npmjs.org/express-session set size:63752 disposed:false
348 silly packumentCache corgi:https://registry.npmjs.org/router cache-miss
349 http fetch GET 200 https://registry.npmjs.org/router 197ms (cache revalidated)
350 silly packumentCache corgi:https://registry.npmjs.org/router set size:49911 disposed:false
351 silly packumentCache corgi:https://registry.npmjs.org/anymatch cache-miss
352 silly packumentCache corgi:https://registry.npmjs.org/readdirp cache-miss
353 http fetch GET 200 https://registry.npmjs.org/anymatch 201ms (cache revalidated)
354 silly packumentCache corgi:https://registry.npmjs.org/anymatch set size:18345 disposed:false
355 http fetch GET 200 https://registry.npmjs.org/readdirp 201ms (cache revalidated)
356 silly packumentCache corgi:https://registry.npmjs.org/readdirp set size:47123 disposed:false
357 silly packumentCache corgi:https://registry.npmjs.org/@mapbox%2fnode-pre-gyp cache-miss
358 http fetch GET 200 https://registry.npmjs.org/@mapbox%2fnode-pre-gyp 531ms (cache revalidated)
359 silly packumentCache corgi:https://registry.npmjs.org/@mapbox%2fnode-pre-gyp set size:47144 disposed:false
360 silly packumentCache corgi:https://registry.npmjs.org/bcrypt cache-miss
361 http fetch GET 200 https://registry.npmjs.org/bcrypt 199ms (cache revalidated)
362 silly packumentCache corgi:https://registry.npmjs.org/bcrypt set size:52606 disposed:false
363 silly ADD node_modules/yallist
364 silly ADD node_modules/xtend
365 silly ADD node_modules/wrappy
366 silly ADD node_modules/wide-align
367 silly ADD node_modules/whatwg-url
368 silly ADD node_modules/webidl-conversions
369 silly ADD node_modules/web-streams-polyfill
370 silly ADD node_modules/vary
371 silly ADD node_modules/util-deprecate
372 silly ADD node_modules/unpipe
373 silly ADD node_modules/undici-types
374 silly ADD node_modules/undefsafe
375 silly ADD node_modules/uid-safe
376 silly ADD node_modules/typedarray
377 silly ADD node_modules/type-is
378 silly ADD node_modules/tr46
379 silly ADD node_modules/touch
380 silly ADD node_modules/toidentifier
381 silly ADD node_modules/to-regex-range
382 silly ADD node_modules/tar
383 silly ADD node_modules/supports-color
384 silly ADD node_modules/strip-ansi
385 silly ADD node_modules/string-width
386 silly ADD node_modules/string_decoder
387 silly ADD node_modules/streamsearch
388 silly ADD node_modules/statuses
389 silly ADD node_modules/sparse-bitfield
390 silly ADD node_modules/simple-update-notifier
391 silly ADD node_modules/signal-exit
392 silly ADD node_modules/sift
393 silly ADD node_modules/side-channel-weakmap
394 silly ADD node_modules/side-channel-map
395 silly ADD node_modules/side-channel-list
396 silly ADD node_modules/side-channel
397 silly ADD node_modules/setprototypeof
398 silly ADD node_modules/set-blocking
399 silly ADD node_modules/serve-static
400 silly ADD node_modules/send
401 silly ADD node_modules/semver
402 silly ADD node_modules/safer-buffer
403 silly ADD node_modules/safe-buffer
404 silly ADD node_modules/router
405 silly ADD node_modules/rimraf
406 silly ADD node_modules/readdirp
407 silly ADD node_modules/readable-stream
408 silly ADD node_modules/raw-body
409 silly ADD node_modules/range-parser
410 silly ADD node_modules/random-bytes
411 silly ADD node_modules/qs
412 silly ADD node_modules/punycode
413 silly ADD node_modules/pump
414 silly ADD node_modules/pstree.remy
415 silly ADD node_modules/proxy-addr
416 silly ADD node_modules/process-nextick-args
417 silly ADD node_modules/picomatch
418 silly ADD node_modules/path-to-regexp
419 silly ADD node_modules/path-is-absolute
420 silly ADD node_modules/parseurl
421 silly ADD node_modules/once
422 silly ADD node_modules/on-headers
423 silly ADD node_modules/on-finished
424 silly ADD node_modules/object-inspect
425 silly ADD node_modules/object-assign
426 silly ADD node_modules/npmlog
427 silly ADD node_modules/normalize-path
428 silly ADD node_modules/nopt
429 silly ADD node_modules/nodemon
430 silly ADD node_modules/node-fetch
431 silly ADD node_modules/node-fetch/node_modules/whatwg-url
432 silly ADD node_modules/node-fetch/node_modules/webidl-conversions
433 silly ADD node_modules/node-fetch/node_modules/tr46
434 silly ADD node_modules/node-domexception
435 silly ADD node_modules/node-addon-api
436 silly ADD node_modules/negotiator
437 silly ADD node_modules/multer-gridfs-storage
438 silly ADD node_modules/multer
439 silly ADD node_modules/multer/node_modules/type-is
440 silly ADD node_modules/multer/node_modules/mkdirp
441 silly ADD node_modules/multer/node_modules/mime-types
442 silly ADD node_modules/multer/node_modules/mime-db
443 silly ADD node_modules/multer/node_modules/media-typer
444 silly ADD node_modules/ms
445 silly ADD node_modules/mquery
446 silly ADD node_modules/mpath
447 silly ADD node_modules/mongoose
448 silly ADD node_modules/mongodb-uri
449 silly ADD node_modules/mongodb-connection-string-url
450 silly ADD node_modules/mongodb
451 silly ADD node_modules/mkdirp
452 silly ADD node_modules/minizlib
453 silly ADD node_modules/minizlib/node_modules/minipass
454 silly ADD node_modules/minipass
455 silly ADD node_modules/minimist
456 silly ADD node_modules/minimatch
457 silly ADD node_modules/mime-types
458 silly ADD node_modules/mime-db
459 silly ADD node_modules/merge-descriptors
460 silly ADD node_modules/memory-pager
461 silly ADD node_modules/media-typer
462 silly ADD node_modules/math-intrinsics
463 silly ADD node_modules/make-dir
464 silly ADD node_modules/make-dir/node_modules/semver
465 silly ADD node_modules/lodash.once
466 silly ADD node_modules/lodash.isstring
467 silly ADD node_modules/lodash.isplainobject
468 silly ADD node_modules/lodash.isnumber
469 silly ADD node_modules/lodash.isinteger
470 silly ADD node_modules/lodash.isboolean
471 silly ADD node_modules/lodash.includes
472 silly ADD node_modules/kareem
473 silly ADD node_modules/jws
474 silly ADD node_modules/jwa
475 silly ADD node_modules/jsonwebtoken
476 silly ADD node_modules/json-bigint
477 silly ADD node_modules/isarray
478 silly ADD node_modules/is-stream
479 silly ADD node_modules/is-promise
480 silly ADD node_modules/is-number
481 silly ADD node_modules/is-glob
482 silly ADD node_modules/is-generator
483 silly ADD node_modules/is-fullwidth-code-point
484 silly ADD node_modules/is-extglob
485 silly ADD node_modules/is-binary-path
486 silly ADD node_modules/ipaddr.js
487 silly ADD node_modules/inherits
488 silly ADD node_modules/inflight
489 silly ADD node_modules/ignore-by-default
490 silly ADD node_modules/iconv-lite
491 silly ADD node_modules/https-proxy-agent
492 silly ADD node_modules/http-errors
493 silly ADD node_modules/hasown
494 silly ADD node_modules/has-unicode
495 silly ADD node_modules/has-symbols
496 silly ADD node_modules/has-own-prop
497 silly ADD node_modules/has-flag
498 silly ADD node_modules/gtoken
499 silly ADD node_modules/gtoken/node_modules/jws
500 silly ADD node_modules/gtoken/node_modules/jwa
501 silly ADD node_modules/gridfs-stream
502 silly ADD node_modules/gopd
503 silly ADD node_modules/google-logging-utils
504 silly ADD node_modules/google-auth-library
505 silly ADD node_modules/google-auth-library/node_modules/jws
506 silly ADD node_modules/google-auth-library/node_modules/jwa
507 silly ADD node_modules/google-auth-library/node_modules/gcp-metadata
508 silly ADD node_modules/glob-parent
509 silly ADD node_modules/glob
510 silly ADD node_modules/get-proto
511 silly ADD node_modules/get-intrinsic
512 silly ADD node_modules/gcp-metadata
513 silly ADD node_modules/gcp-metadata/node_modules/gaxios
514 silly ADD node_modules/gaxios
515 silly ADD node_modules/gaxios/node_modules/node-fetch
516 silly ADD node_modules/gaxios/node_modules/https-proxy-agent
517 silly ADD node_modules/gaxios/node_modules/agent-base
518 silly ADD node_modules/gauge
519 silly ADD node_modules/function-bind
520 silly ADD
521 silly ADD node_modules/fs.realpath
522 silly ADD node_modules/fs-minipass
523 silly ADD node_modules/fs-minipass/node_modules/minipass
524 silly ADD node_modules/fresh
525 silly ADD node_modules/forwarded
526 silly ADD node_modules/formdata-polyfill
527 silly ADD node_modules/flushwritable
528 silly ADD node_modules/finalhandler
529 silly ADD node_modules/fill-range
530 silly ADD node_modules/fetch-blob
531 silly ADD node_modules/extend
532 silly ADD node_modules/express-session
533 silly ADD node_modules/express-session/node_modules/ms
534 silly ADD node_modules/express-session/node_modules/debug
535 silly ADD node_modules/express-session/node_modules/cookie-signature
536 silly ADD node_modules/express
537 silly ADD node_modules/etag
538 silly ADD node_modules/escape-html
539 silly ADD node_modules/es-object-atoms
540 silly ADD node_modules/es-errors
541 silly ADD node_modules/es-define-property
542 silly ADD node_modules/end-of-stream
543 silly ADD node_modules/encodeurl
544 silly ADD node_modules/emoji-regex
545 silly ADD node_modules/ee-first
546 silly ADD node_modules/ecdsa-sig-formatter
547 silly ADD node_modules/dunder-proto
548 silly ADD node_modules/dotenv
549 silly ADD node_modules/dicer
550 silly ADD node_modules/dicer/node_modules/string_decoder
551 silly ADD node_modules/dicer/node_modules/readable-stream
552 silly ADD node_modules/detect-libc
553 silly ADD node_modules/depd
554 silly ADD node_modules/delegates
555 silly ADD node_modules/debug
556 silly ADD node_modules/data-uri-to-buffer
557 silly ADD node_modules/crypto
558 silly ADD node_modules/cors
559 silly ADD node_modules/core-util-is
560 silly ADD node_modules/cookie-signature
561 silly ADD node_modules/cookie
562 silly ADD node_modules/content-type
563 silly ADD node_modules/content-disposition
564 silly ADD node_modules/console-control-strings
565 silly ADD node_modules/concat-stream
566 silly ADD node_modules/concat-stream/node_modules/string_decoder
567 silly ADD node_modules/concat-stream/node_modules/safe-buffer
568 silly ADD node_modules/concat-stream/node_modules/readable-stream
569 silly ADD node_modules/concat-stream/node_modules/isarray
570 silly ADD node_modules/concat-map
571 silly ADD node_modules/color-support
572 silly ADD node_modules/chownr
573 silly ADD node_modules/chokidar
574 silly ADD node_modules/call-bound
575 silly ADD node_modules/call-bind-apply-helpers
576 silly ADD node_modules/bytes
577 silly ADD node_modules/busboy
578 silly ADD node_modules/busboy/node_modules/string_decoder
579 silly ADD node_modules/busboy/node_modules/readable-stream
580 silly ADD node_modules/buffer-from
581 silly ADD node_modules/buffer-equal-constant-time
582 silly ADD node_modules/bson
583 silly ADD node_modules/braces
584 silly ADD node_modules/brace-expansion
585 silly ADD node_modules/body-parser
586 silly ADD node_modules/binary-extensions
587 silly ADD node_modules/bignumber.js
588 silly ADD node_modules/bcrypt
589 silly ADD node_modules/base64-js
590 silly ADD node_modules/balanced-match
591 silly ADD node_modules/are-we-there-yet
592 silly ADD node_modules/aproba
593 silly ADD node_modules/append-field
594 silly ADD node_modules/anymatch
595 silly ADD node_modules/ansi-regex
596 silly ADD node_modules/agent-base
597 silly ADD node_modules/accepts
598 silly ADD node_modules/abbrev
599 silly ADD node_modules/@types/whatwg-url
600 silly ADD node_modules/@types/webidl-conversions
601 silly ADD node_modules/@types/serve-static
602 silly ADD node_modules/@types/send
603 silly ADD node_modules/@types/range-parser
604 silly ADD node_modules/@types/qs
605 silly ADD node_modules/@types/pump
606 silly ADD node_modules/@types/node
607 silly ADD node_modules/@types/multer
608 silly ADD node_modules/@types/mongodb
609 silly ADD node_modules/@types/mime
610 silly ADD node_modules/@types/http-errors
611 silly ADD node_modules/@types/express-serve-static-core
612 silly ADD node_modules/@types/express
613 silly ADD node_modules/@types/connect
614 silly ADD node_modules/@types/bson
615 silly ADD node_modules/@types/body-parser
616 silly ADD node_modules/@mongodb-js/saslprep
617 silly ADD node_modules/@mapbox/node-pre-gyp
618 verbose cwd /home/gui/Coding/JacacultMap/jacacultmap-backend
619 verbose os Linux 6.18.40
620 verbose node v22.23.1
621 verbose npm  v10.9.8
622 verbose exit 0
623 info ok
