0 verbose cli /nix/store/gq9hcb85prkd6gsghzfmil6rbcf8xq9a-nodejs-slim-22.22.3/bin/node /nix/store/ac9bklddx1klg92hj7r08xmpky1nwag2-nodejs-22.22.3/bin/npm
1 info using npm@10.9.8
2 info using node@v22.22.3
3 silly config load:file:/nix/store/i7ycrm2blpar0nyi6v8rprv4sq1hafpv-nodejs-slim-22.22.3-npm/lib/node_modules/npm/npmrc
4 silly config load:file:/home/gui/Coding/JacacultMap/jacacultmap-backend/.npmrc
5 silly config load:file:/home/gui/.npmrc
6 silly config load:file:/nix/store/gq9hcb85prkd6gsghzfmil6rbcf8xq9a-nodejs-slim-22.22.3/etc/npmrc
7 verbose title npm run dev
8 verbose argv "run" "dev"
9 verbose logfile logs-max:10 dir:/home/gui/Coding/JacacultMap/jacacultmap-backend/.npm-cache/_logs/2026-08-04T21_30_07_915Z-
10 verbose logfile /home/gui/Coding/JacacultMap/jacacultmap-backend/.npm-cache/_logs/2026-08-04T21_30_07_915Z-debug-0.log
11 silly logfile done cleaning log files
12 verbose stack Error: Missing script: "dev"
12 verbose stack
12 verbose stack To see a list of scripts, run:
12 verbose stack   npm run
12 verbose stack     at #run (/nix/store/i7ycrm2blpar0nyi6v8rprv4sq1hafpv-nodejs-slim-22.22.3-npm/lib/node_modules/npm/lib/commands/run-script.js:111:13)
12 verbose stack     at async RunScript.exec (/nix/store/i7ycrm2blpar0nyi6v8rprv4sq1hafpv-nodejs-slim-22.22.3-npm/lib/node_modules/npm/lib/commands/run-script.js:40:7)
12 verbose stack     at async Npm.exec (/nix/store/i7ycrm2blpar0nyi6v8rprv4sq1hafpv-nodejs-slim-22.22.3-npm/lib/node_modules/npm/lib/npm.js:207:9)
12 verbose stack     at async module.exports (/nix/store/i7ycrm2blpar0nyi6v8rprv4sq1hafpv-nodejs-slim-22.22.3-npm/lib/node_modules/npm/lib/cli/entry.js:74:5)
13 error Missing script: "dev"
13 error
13 error To see a list of scripts, run:
13 error   npm run
14 verbose cwd /home/gui/Coding/JacacultMap/jacacultmap-backend
15 verbose os Linux 6.18.40
16 verbose node v22.22.3
17 verbose npm  v10.9.8
18 verbose exit 1
19 verbose code 1
20 error A complete log of this run can be found in: /home/gui/Coding/JacacultMap/jacacultmap-backend/.npm-cache/_logs/2026-08-04T21_30_07_915Z-debug-0.log
